[    1577ms] [LOG] [Fast Refresh] rebuilding @ http://localhost:3001/_next/static/chunks/7e742_next_dist_63f85243._.js:2287
[    1735ms] [LOG] [Fast Refresh] done in 258ms @ http://localhost:3001/_next/static/chunks/7e742_next_dist_63f85243._.js:2287
[   31161ms] [LOG] [Fast Refresh] rebuilding @ http://localhost:3001/_next/static/chunks/7e742_next_dist_63f85243._.js:2287
[   32318ms] [LOG] [Fast Refresh] done in 1246ms @ http://localhost:3001/_next/static/chunks/7e742_next_dist_63f85243._.js:2287
[   33744ms] [LOG] [Fast Refresh] rebuilding @ http://localhost:3001/_next/static/chunks/7e742_next_dist_63f85243._.js:2287
[   35772ms] [LOG] [Fast Refresh] done in 723ms @ http://localhost:3001/_next/static/chunks/7e742_next_dist_63f85243._.js:2287
[   35878ms] [WARNING] [Fast Refresh] performing full reload

Fast Refresh will perform a full reload when you edit a file that's imported by modules outside of the React rendering tree.
You might have a file which exports a React component but also exports a value that is imported by a non-React component file.
Consider migrating the non-React component export to a separate file and importing it into both files.

It is also possible the parent component of the component you edited is a class component, which disables Fast Refresh.
Fast Refresh requires at least one parent function component in your React tree. @ http://localhost:3001/_next/static/chunks/7e742_next_dist_63f85243._.js:2287
[   36145ms] [LOG] [Fast Refresh] rebuilding @ http://localhost:3001/_next/static/chunks/7e742_next_dist_63f85243._.js:2287
[   36229ms] [LOG] [Fast Refresh] done in 184ms @ http://localhost:3001/_next/static/chunks/7e742_next_dist_63f85243._.js:2287
[   38735ms] [INFO] %cDownload the React DevTools for a better development experience: https://react.dev/link/react-devtools font-weight:bold @ http://localhost:3001/_next/static/chunks/7e742_next_dist_63f85243._.js:2287
[   38976ms] [LOG] [HMR] connected @ http://localhost:3001/_next/static/chunks/7e742_next_dist_63f85243._.js:2287
[   39984ms] [LOG] %c[Vercel Web Analytics]%c Debug mode is enabled by default in development. No requests will be sent to the server. color: rgb(120, 120, 120) color: inherit @ http://localhost:3001/_next/static/chunks/7e742_next_dist_63f85243._.js:2287
[   39984ms] [LOG] %c[Vercel Web Analytics]%c Running queued event color: rgb(120, 120, 120) color: inherit pageview {route: /, path: /} @ http://localhost:3001/_next/static/chunks/7e742_next_dist_63f85243._.js:2287
[   39986ms] [LOG] %c[Vercel Web Analytics]%c [view] http://localhost:3001/#contact color: rgb(120, 120, 120) color: inherit {o: http://localhost:3001/#contact, sv: 0.1.3, sdkn: @vercel/analytics/next, sdkv: 2.0.1, ts: 1791036035314} /_vercel/insights/view @ http://localhost:3001/_next/static/chunks/7e742_next_dist_63f85243._.js:2287
[   41142ms] [LOG] [Fast Refresh] rebuilding @ http://localhost:3001/_next/static/chunks/7e742_next_dist_63f85243._.js:2287
[   41253ms] [LOG] [Fast Refresh] done in 211ms @ http://localhost:3001/_next/static/chunks/7e742_next_dist_63f85243._.js:2287
[   74883ms] [LOG] [Fast Refresh] rebuilding @ http://localhost:3001/_next/static/chunks/7e742_next_dist_63f85243._.js:2287
[   74987ms] [LOG] [Fast Refresh] done in 204ms @ http://localhost:3001/_next/static/chunks/7e742_next_dist_63f85243._.js:2287
[   76220ms] [LOG] [Fast Refresh] rebuilding @ http://localhost:3001/_next/static/chunks/7e742_next_dist_63f85243._.js:2287
[   77076ms] [LOG] [Fast Refresh] done in 957ms @ http://localhost:3001/_next/static/chunks/7e742_next_dist_63f85243._.js:2287
[   89064ms] [LOG] [Fast Refresh] rebuilding @ http://localhost:3001/_next/static/chunks/7e742_next_dist_63f85243._.js:2287
[   89119ms] [LOG] [Fast Refresh] done in 156ms @ http://localhost:3001/_next/static/chunks/7e742_next_dist_63f85243._.js:2287
[  199130ms] [LOG] [Fast Refresh] rebuilding @ http://localhost:3001/_next/static/chunks/7e742_next_dist_63f85243._.js:2287
[  200288ms] [ERROR] IntlError: MISSING_MESSAGE: Could not resolve `nav.home` in messages for locale `fr`.
    at getFallbackFromErrorAndNotify (http://localhost:3001/_next/static/chunks/node_modules__pnpm_d6d51f1b._.js:3942:23)
    at translateBaseFn (http://localhost:3001/_next/static/chunks/node_modules__pnpm_d6d51f1b._.js:3972:28)
    at translateFn (http://localhost:3001/_next/static/chunks/node_modules__pnpm_d6d51f1b._.js:4000:24)
    at SiteHeader (http://localhost:3001/_next/static/chunks/_4d18d906._.js?id=%255Bproject%255D%252Fapps%252Fportfolio%252Fcomponents%252Fsite-header.tsx+%255Bapp-client%255D+%2528ecmascript%2529:57:20)
    at Object.react_stack_bottom_frame (http://localhost:3001/_next/static/chunks/7e742_next_dist_compiled_react-dom_79950630._.js:14816:24)
    at renderWithHooks (http://localhost:3001/_next/static/chunks/7e742_next_dist_compiled_react-dom_79950630._.js:4645:24)
    at updateFunctionComponent (http://localhost:3001/_next/static/chunks/7e742_next_dist_compiled_react-dom_79950630._.js:6106:21)
    at beginWork (http://localhost:3001/_next/static/chunks/7e742_next_dist_compiled_react-dom_79950630._.js:6702:24)
    at runWithFiberInDEV (http://localhost:3001/_next/static/chunks/7e742_next_dist_compiled_react-dom_79950630._.js:959:74)
    at performUnitOfWork (http://localhost:3001/_next/static/chunks/7e742_next_dist_compiled_react-dom_79950630._.js:9556:97)
    at workLoopSync (http://localhost:3001/_next/static/chunks/7e742_next_dist_compiled_react-dom_79950630._.js:9450:40)
    at renderRootSync (http://localhost:3001/_next/static/chunks/7e742_next_dist_compiled_react-dom_79950630._.js:9434:13)
    at performWorkOnRoot (http://localhost:3001/_next/static/chunks/7e742_next_dist_compiled_react-dom_79950630._.js:9062:186)
    at performSyncWorkOnRoot (http://localhost:3001/_next/static/chunks/7e742_next_dist_compiled_react-dom_79950630._.js:10232:9)
    at flushSyncWorkAcrossRoots_impl (http://localhost:3001/_next/static/chunks/7e742_next_dist_compiled_react-dom_79950630._.js:10148:316)
    at flushSyncWork$1 (http://localhost:3001/_next/static/chunks/7e742_next_dist_compiled_react-dom_79950630._.js:9231:86)
    at Object.scheduleRefresh (http://localhost:3001/_next/static/chunks/7e742_next_dist_compiled_react-dom_79950630._.js:294:13)
    at http://localhost:3001/_next/static/chunks/7e742_next_dist_compiled_59de7ae7._.js:391:33
    at Set.forEach (<anonymous>)
    at Object.performReactRefresh (http://localhost:3001/_next/static/chunks/7e742_next_dist_compiled_59de7ae7._.js:384:38)
    at applyUpdate (http://localhost:3001/_next/static/chunks/7e742_next_dist_compiled_59de7ae7._.js:878:31)
    at http://localhost:3001/_next/static/chunks/7e742_next_dist_compiled_59de7ae7._.js:886:13 @ http://localhost:3001/_next/static/chunks/7e742_next_dist_63f85243._.js:3117
[  200298ms] [ERROR] IntlError: MISSING_MESSAGE: Could not resolve `nav.home` in messages for locale `fr`.
    at getFallbackFromErrorAndNotify (http://localhost:3001/_next/static/chunks/node_modules__pnpm_d6d51f1b._.js:3942:23)
    at translateBaseFn (http://localhost:3001/_next/static/chunks/node_modules__pnpm_d6d51f1b._.js:3972:28)
    at translateFn (http://localhost:3001/_next/static/chunks/node_modules__pnpm_d6d51f1b._.js:4000:24)
    at SiteHeader (http://localhost:3001/_next/static/chunks/_4d18d906._.js?id=%255Bproject%255D%252Fapps%252Fportfolio%252Fcomponents%252Fsite-header.tsx+%255Bapp-client%255D+%2528ecmascript%2529:57:20)
    at Object.react_stack_bottom_frame (http://localhost:3001/_next/static/chunks/7e742_next_dist_compiled_react-dom_79950630._.js:14816:24)
    at renderWithHooksAgain (http://localhost:3001/_next/static/chunks/7e742_next_dist_compiled_react-dom_79950630._.js:4700:24)
    at renderWithHooks (http://localhost:3001/_next/static/chunks/7e742_next_dist_compiled_react-dom_79950630._.js:4651:28)
    at updateFunctionComponent (http://localhost:3001/_next/static/chunks/7e742_next_dist_compiled_react-dom_79950630._.js:6106:21)
    at beginWork (http://localhost:3001/_next/static/chunks/7e742_next_dist_compiled_react-dom_79950630._.js:6702:24)
    at runWithFiberInDEV (http://localhost:3001/_next/static/chunks/7e742_next_dist_compiled_react-dom_79950630._.js:959:74)
    at performUnitOfWork (http://localhost:3001/_next/static/chunks/7e742_next_dist_compiled_react-dom_79950630._.js:9556:97)
    at workLoopSync (http://localhost:3001/_next/static/chunks/7e742_next_dist_compiled_react-dom_79950630._.js:9450:40)
    at renderRootSync (http://localhost:3001/_next/static/chunks/7e742_next_dist_compiled_react-dom_79950630._.js:9434:13)
    at performWorkOnRoot (http://localhost:3001/_next/static/chunks/7e742_next_dist_compiled_react-dom_79950630._.js:9062:186)
    at performSyncWorkOnRoot (http://localhost:3001/_next/static/chunks/7e742_next_dist_compiled_react-dom_79950630._.js:10232:9)
    at flushSyncWorkAcrossRoots_impl (http://localhost:3001/_next/static/chunks/7e742_next_dist_compiled_react-dom_79950630._.js:10148:316)
    at flushSyncWork$1 (http://localhost:3001/_next/static/chunks/7e742_next_dist_compiled_react-dom_79950630._.js:9231:86)
    at Object.scheduleRefresh (http://localhost:3001/_next/static/chunks/7e742_next_dist_compiled_react-dom_79950630._.js:294:13)
    at http://localhost:3001/_next/static/chunks/7e742_next_dist_compiled_59de7ae7._.js:391:33
    at Set.forEach (<anonymous>)
    at Object.performReactRefresh (http://localhost:3001/_next/static/chunks/7e742_next_dist_compiled_59de7ae7._.js:384:38)
    at applyUpdate (http://localhost:3001/_next/static/chunks/7e742_next_dist_compiled_59de7ae7._.js:878:31)
    at http://localhost:3001/_next/static/chunks/7e742_next_dist_compiled_59de7ae7._.js:886:13 @ http://localhost:3001/_next/static/chunks/7e742_next_dist_63f85243._.js:3117
[  200472ms] [LOG] [Fast Refresh] done in 1172ms @ http://localhost:3001/_next/static/chunks/7e742_next_dist_63f85243._.js:2287
[  200547ms] [ERROR] IntlError: MISSING_MESSAGE: Could not resolve `nav.home` in messages for locale `fr`.
    at getFallbackFromErrorAndNotify (http://localhost:3001/_next/static/chunks/node_modules__pnpm_d6d51f1b._.js:3942:23)
    at translateBaseFn (http://localhost:3001/_next/static/chunks/node_modules__pnpm_d6d51f1b._.js:3972:28)
    at translateFn (http://localhost:3001/_next/static/chunks/node_modules__pnpm_d6d51f1b._.js:4000:24)
    at SiteHeader (http://localhost:3001/_next/static/chunks/_4d18d906._.js?id=%255Bproject%255D%252Fapps%252Fportfolio%252Fcomponents%252Fsite-header.tsx+%255Bapp-client%255D+%2528ecmascript%2529:57:20)
    at Object.react_stack_bottom_frame (http://localhost:3001/_next/static/chunks/7e742_next_dist_compiled_react-dom_79950630._.js:14816:24)
    at renderWithHooks (http://localhost:3001/_next/static/chunks/7e742_next_dist_compiled_react-dom_79950630._.js:4645:24)
    at updateFunctionComponent (http://localhost:3001/_next/static/chunks/7e742_next_dist_compiled_react-dom_79950630._.js:6106:21)
    at beginWork (http://localhost:3001/_next/static/chunks/7e742_next_dist_compiled_react-dom_79950630._.js:6702:24)
    at runWithFiberInDEV (http://localhost:3001/_next/static/chunks/7e742_next_dist_compiled_react-dom_79950630._.js:959:74)
    at performUnitOfWork (http://localhost:3001/_next/static/chunks/7e742_next_dist_compiled_react-dom_79950630._.js:9556:97)
    at workLoopSync (http://localhost:3001/_next/static/chunks/7e742_next_dist_compiled_react-dom_79950630._.js:9450:40)
    at renderRootSync (http://localhost:3001/_next/static/chunks/7e742_next_dist_compiled_react-dom_79950630._.js:9434:13)
    at performWorkOnRoot (http://localhost:3001/_next/static/chunks/7e742_next_dist_compiled_react-dom_79950630._.js:9062:186)
    at performSyncWorkOnRoot (http://localhost:3001/_next/static/chunks/7e742_next_dist_compiled_react-dom_79950630._.js:10232:9)
    at flushSyncWorkAcrossRoots_impl (http://localhost:3001/_next/static/chunks/7e742_next_dist_compiled_react-dom_79950630._.js:10148:316)
    at flushSyncWork$1 (http://localhost:3001/_next/static/chunks/7e742_next_dist_compiled_react-dom_79950630._.js:9231:86)
    at Object.scheduleRefresh (http://localhost:3001/_next/static/chunks/7e742_next_dist_compiled_react-dom_79950630._.js:294:13)
    at http://localhost:3001/_next/static/chunks/7e742_next_dist_compiled_59de7ae7._.js:391:33
    at Set.forEach (<anonymous>)
    at Object.performReactRefresh (http://localhost:3001/_next/static/chunks/7e742_next_dist_compiled_59de7ae7._.js:384:38)
    at applyUpdate (http://localhost:3001/_next/static/chunks/7e742_next_dist_compiled_59de7ae7._.js:878:31)
    at http://localhost:3001/_next/static/chunks/7e742_next_dist_compiled_59de7ae7._.js:886:13 @ http://localhost:3001/_next/static/chunks/7e742_next_dist_63f85243._.js:3117
[  200557ms] [ERROR] IntlError: MISSING_MESSAGE: Could not resolve `nav.home` in messages for locale `fr`.
    at getFallbackFromErrorAndNotify (http://localhost:3001/_next/static/chunks/node_modules__pnpm_d6d51f1b._.js:3942:23)
    at translateBaseFn (http://localhost:3001/_next/static/chunks/node_modules__pnpm_d6d51f1b._.js:3972:28)
    at translateFn (http://localhost:3001/_next/static/chunks/node_modules__pnpm_d6d51f1b._.js:4000:24)
    at SiteHeader (http://localhost:3001/_next/static/chunks/_4d18d906._.js?id=%255Bproject%255D%252Fapps%252Fportfolio%252Fcomponents%252Fsite-header.tsx+%255Bapp-client%255D+%2528ecmascript%2529:57:20)
    at Object.react_stack_bottom_frame (http://localhost:3001/_next/static/chunks/7e742_next_dist_compiled_react-dom_79950630._.js:14816:24)
    at renderWithHooksAgain (http://localhost:3001/_next/static/chunks/7e742_next_dist_compiled_react-dom_79950630._.js:4700:24)
    at renderWithHooks (http://localhost:3001/_next/static/chunks/7e742_next_dist_compiled_react-dom_79950630._.js:4651:28)
    at updateFunctionComponent (http://localhost:3001/_next/static/chunks/7e742_next_dist_compiled_react-dom_79950630._.js:6106:21)
    at beginWork (http://localhost:3001/_next/static/chunks/7e742_next_dist_compiled_react-dom_79950630._.js:6702:24)
    at runWithFiberInDEV (http://localhost:3001/_next/static/chunks/7e742_next_dist_compiled_react-dom_79950630._.js:959:74)
    at performUnitOfWork (http://localhost:3001/_next/static/chunks/7e742_next_dist_compiled_react-dom_79950630._.js:9556:97)
    at workLoopSync (http://localhost:3001/_next/static/chunks/7e742_next_dist_compiled_react-dom_79950630._.js:9450:40)
    at renderRootSync (http://localhost:3001/_next/static/chunks/7e742_next_dist_compiled_react-dom_79950630._.js:9434:13)
    at performWorkOnRoot (http://localhost:3001/_next/static/chunks/7e742_next_dist_compiled_react-dom_79950630._.js:9062:186)
    at performSyncWorkOnRoot (http://localhost:3001/_next/static/chunks/7e742_next_dist_compiled_react-dom_79950630._.js:10232:9)
    at flushSyncWorkAcrossRoots_impl (http://localhost:3001/_next/static/chunks/7e742_next_dist_compiled_react-dom_79950630._.js:10148:316)
    at flushSyncWork$1 (http://localhost:3001/_next/static/chunks/7e742_next_dist_compiled_react-dom_79950630._.js:9231:86)
    at Object.scheduleRefresh (http://localhost:3001/_next/static/chunks/7e742_next_dist_compiled_react-dom_79950630._.js:294:13)
    at http://localhost:3001/_next/static/chunks/7e742_next_dist_compiled_59de7ae7._.js:391:33
    at Set.forEach (<anonymous>)
    at Object.performReactRefresh (http://localhost:3001/_next/static/chunks/7e742_next_dist_compiled_59de7ae7._.js:384:38)
    at applyUpdate (http://localhost:3001/_next/static/chunks/7e742_next_dist_compiled_59de7ae7._.js:878:31)
    at http://localhost:3001/_next/static/chunks/7e742_next_dist_compiled_59de7ae7._.js:886:13 @ http://localhost:3001/_next/static/chunks/7e742_next_dist_63f85243._.js:3117
[  201063ms] [LOG] [Fast Refresh] rebuilding @ http://localhost:3001/_next/static/chunks/7e742_next_dist_63f85243._.js:2287
[  201415ms] [LOG] [Fast Refresh] done in 453ms @ http://localhost:3001/_next/static/chunks/7e742_next_dist_63f85243._.js:2287
[  201833ms] [LOG] [Fast Refresh] rebuilding @ http://localhost:3001/_next/static/chunks/7e742_next_dist_63f85243._.js:2287
[  204587ms] [LOG] [Fast Refresh] done in 282ms @ http://localhost:3001/_next/static/chunks/7e742_next_dist_63f85243._.js:2287
