[    3308ms] [LOG] [Fast Refresh] rebuilding @ http://localhost:3001/_next/static/chunks/7e742_next_dist_63f85243._.js:2287
[    3976ms] [LOG] [Fast Refresh] done in 769ms @ http://localhost:3001/_next/static/chunks/7e742_next_dist_63f85243._.js:2287
[   22267ms] [LOG] [Fast Refresh] rebuilding @ http://localhost:3001/_next/static/chunks/7e742_next_dist_63f85243._.js:2287
[   23170ms] [LOG] [Fast Refresh] done in 1005ms @ http://localhost:3001/_next/static/chunks/7e742_next_dist_63f85243._.js:2287
[   86806ms] [LOG] [Fast Refresh] rebuilding @ http://localhost:3001/_next/static/chunks/7e742_next_dist_63f85243._.js:2287
[   89251ms] [LOG] [Fast Refresh] done in 2542ms @ http://localhost:3001/_next/static/chunks/7e742_next_dist_63f85243._.js:2287
[   89775ms] [WARNING] [Fast Refresh] performing full reload

Fast Refresh will perform a full reload when you edit a file that's imported by modules outside of the React rendering tree.
You might have a file which exports a React component but also exports a value that is imported by a non-React component file.
Consider migrating the non-React component export to a separate file and importing it into both files.

It is also possible the parent component of the component you edited is a class component, which disables Fast Refresh.
Fast Refresh requires at least one parent function component in your React tree. @ http://localhost:3001/_next/static/chunks/7e742_next_dist_63f85243._.js:2287
[   90339ms] [LOG] [Fast Refresh] rebuilding @ http://localhost:3001/_next/static/chunks/7e742_next_dist_63f85243._.js:2287
[   93134ms] [LOG] [Fast Refresh] done in 2898ms @ http://localhost:3001/_next/static/chunks/7e742_next_dist_63f85243._.js:2287
[   95099ms] [LOG] [Fast Refresh] rebuilding @ http://localhost:3001/_next/static/chunks/7e742_next_dist_63f85243._.js:2287
[  104154ms] [LOG] [Fast Refresh] done in 741ms @ http://localhost:3001/_next/static/chunks/7e742_next_dist_63f85243._.js:2287
[  104378ms] [LOG] [Fast Refresh] rebuilding @ http://localhost:3001/_next/static/chunks/7e742_next_dist_63f85243._.js:2287
[  105554ms] [LOG] [Fast Refresh] done in 1277ms @ http://localhost:3001/_next/static/chunks/7e742_next_dist_63f85243._.js:2287
[  106882ms] [ERROR] Failed to load resource: the server responded with a status of 404 (Not Found) @ http://localhost:3001/#contact:0
[  111175ms] [INFO] %cDownload the React DevTools for a better development experience: https://react.dev/link/react-devtools font-weight:bold @ http://localhost:3001/_next/static/chunks/7e742_next_dist_63f85243._.js:2287
[  111961ms] [LOG] [HMR] connected @ http://localhost:3001/_next/static/chunks/7e742_next_dist_63f85243._.js:2287
[  112397ms] [LOG] [Fast Refresh] rebuilding @ http://localhost:3001/_next/static/chunks/7e742_next_dist_63f85243._.js:2287
[  112491ms] [LOG] %c[Vercel Web Analytics]%c Debug mode is enabled by default in development. No requests will be sent to the server. color: rgb(120, 120, 120) color: inherit @ http://localhost:3001/_next/static/chunks/7e742_next_dist_63f85243._.js:2287
[  112492ms] [LOG] %c[Vercel Web Analytics]%c Running queued event color: rgb(120, 120, 120) color: inherit pageview {route: /, path: /} @ http://localhost:3001/_next/static/chunks/7e742_next_dist_63f85243._.js:2287
[  112497ms] [LOG] %c[Vercel Web Analytics]%c [view] http://localhost:3001/#contact color: rgb(120, 120, 120) color: inherit {o: http://localhost:3001/#contact, sv: 0.1.3, sdkn: @vercel/analytics/next, sdkv: 2.0.1, ts: 1791035690888} /_vercel/insights/view @ http://localhost:3001/_next/static/chunks/7e742_next_dist_63f85243._.js:2287
[  112512ms] [LOG] [Fast Refresh] done in 449ms @ http://localhost:3001/_next/static/chunks/7e742_next_dist_63f85243._.js:2287
[  113438ms] [LOG] [Fast Refresh] rebuilding @ http://localhost:3001/_next/static/chunks/7e742_next_dist_63f85243._.js:2287
[  113826ms] [LOG] [Fast Refresh] done in 489ms @ http://localhost:3001/_next/static/chunks/7e742_next_dist_63f85243._.js:2287
[  118581ms] [ERROR] WebSocket connection to 'ws://localhost:3001/_next/webpack-hmr?id=2NVwNtUqcwn4c0I9AwlWP' failed: Error in connection establishment: net::ERR_CONNECTION_REFUSED @ http://localhost:3001/_next/static/chunks/7e742_next_dist_client_aa3c7817._.js:10116
[  119586ms] [ERROR] WebSocket connection to 'ws://localhost:3001/_next/webpack-hmr?id=2NVwNtUqcwn4c0I9AwlWP' failed: Error in connection establishment: net::ERR_CONNECTION_REFUSED @ http://localhost:3001/_next/static/chunks/7e742_next_dist_client_aa3c7817._.js:10116
[  120588ms] [ERROR] WebSocket connection to 'ws://localhost:3001/_next/webpack-hmr?id=2NVwNtUqcwn4c0I9AwlWP' failed: Error in connection establishment: net::ERR_CONNECTION_REFUSED @ http://localhost:3001/_next/static/chunks/7e742_next_dist_client_aa3c7817._.js:10116
[  121590ms] [ERROR] WebSocket connection to 'ws://localhost:3001/_next/webpack-hmr?id=2NVwNtUqcwn4c0I9AwlWP' failed: Error in connection establishment: net::ERR_CONNECTION_REFUSED @ http://localhost:3001/_next/static/chunks/7e742_next_dist_client_aa3c7817._.js:10116
[  122593ms] [ERROR] WebSocket connection to 'ws://localhost:3001/_next/webpack-hmr?id=2NVwNtUqcwn4c0I9AwlWP' failed: Error in connection establishment: net::ERR_CONNECTION_REFUSED @ http://localhost:3001/_next/static/chunks/7e742_next_dist_client_aa3c7817._.js:10116
[  127600ms] [ERROR] WebSocket connection to 'ws://localhost:3001/_next/webpack-hmr?id=2NVwNtUqcwn4c0I9AwlWP' failed: Error in connection establishment: net::ERR_CONNECTION_REFUSED @ http://localhost:3001/_next/static/chunks/7e742_next_dist_client_aa3c7817._.js:10116
[  134072ms] [LOG] [HMR] connected @ http://localhost:3001/_next/static/chunks/7e742_next_dist_63f85243._.js:2287
[  158518ms] [INFO] %cDownload the React DevTools for a better development experience: https://react.dev/link/react-devtools font-weight:bold @ http://localhost:3001/_next/static/chunks/7e742_next_dist_63f85243._.js:2287
[  158801ms] [LOG] [HMR] connected @ http://localhost:3001/_next/static/chunks/7e742_next_dist_63f85243._.js:2287
[  161359ms] [LOG] [Fast Refresh] rebuilding @ http://localhost:3001/_next/static/chunks/7e742_next_dist_63f85243._.js:2287
[  162514ms] [LOG] %c[Vercel Web Analytics]%c Debug mode is enabled by default in development. No requests will be sent to the server. color: rgb(120, 120, 120) color: inherit @ http://localhost:3001/_next/static/chunks/7e742_next_dist_63f85243._.js:2287
[  162515ms] [LOG] %c[Vercel Web Analytics]%c Running queued event color: rgb(120, 120, 120) color: inherit pageview {route: /, path: /} @ http://localhost:3001/_next/static/chunks/7e742_next_dist_63f85243._.js:2287
[  162516ms] [LOG] %c[Vercel Web Analytics]%c [view] http://localhost:3001/#contact color: rgb(120, 120, 120) color: inherit {o: http://localhost:3001/#contact, sv: 0.1.3, sdkn: @vercel/analytics/next, sdkv: 2.0.1, ts: 1791035740908} /_vercel/insights/view @ http://localhost:3001/_next/static/chunks/7e742_next_dist_63f85243._.js:2287
[  163793ms] [LOG] [Fast Refresh] done in 2551ms @ http://localhost:3001/_next/static/chunks/7e742_next_dist_63f85243._.js:2287
[  360374ms] [LOG] [Fast Refresh] rebuilding @ http://localhost:3001/_next/static/chunks/7e742_next_dist_63f85243._.js:2287
[  360392ms] [LOG] [Fast Refresh] done in 123ms @ http://localhost:3001/_next/static/chunks/7e742_next_dist_63f85243._.js:2287
